Archive member included to satisfy reference by file (symbol)

c:/program files (x86)/atmel/studio/7.0/toolchain/avr8/avr8-gnu-toolchain/bin/../lib/gcc/avr/4.9.2/avr5\libgcc.a(_exit.o)
                              C:/Program Files (x86)/Atmel/Studio/7.0/Packs/atmel/ATmega_DFP/1.0.90/gcc/dev/atmega32/avr5/crtatmega32.o (exit)
c:/program files (x86)/atmel/studio/7.0/toolchain/avr8/avr8-gnu-toolchain/bin/../lib/gcc/avr/4.9.2/avr5\libgcc.a(_clear_bss.o)
                              main.o (__do_clear_bss)

Discarded input sections

 .data          0x00000000        0x0 C:/Program Files (x86)/Atmel/Studio/7.0/Packs/atmel/ATmega_DFP/1.0.90/gcc/dev/atmega32/avr5/crtatmega32.o
 .bss           0x00000000        0x0 C:/Program Files (x86)/Atmel/Studio/7.0/Packs/atmel/ATmega_DFP/1.0.90/gcc/dev/atmega32/avr5/crtatmega32.o
 .text          0x00000000        0x0 ECUAL/ECUAL.o
 .data          0x00000000        0x0 ECUAL/ECUAL.o
 .bss           0x00000000        0x0 ECUAL/ECUAL.o
 .text.read_button
                0x00000000       0x20 ECUAL/ECUAL.o
 .text          0x00000000        0x0 ECUAL/functions.o
 .data          0x00000000        0x0 ECUAL/functions.o
 .bss           0x00000000        0x0 ECUAL/functions.o
 .text          0x00000000        0x0 main.o
 .data          0x00000000        0x0 main.o
 .bss           0x00000000        0x0 main.o
 .text          0x00000000        0x0 MCAL/I2C.o
 .data          0x00000000        0x0 MCAL/I2C.o
 .bss           0x00000000        0x0 MCAL/I2C.o
 .text.i2c_send_stop
                0x00000000        0x6 MCAL/I2C.o
 .text          0x00000000        0x0 MCAL/MCAL.o
 .data          0x00000000        0x0 MCAL/MCAL.o
 .bss           0x00000000        0x0 MCAL/MCAL.o
 .text.read_pin
                0x00000000       0x16 MCAL/MCAL.o
 .text.set_direction_port
                0x00000000        0x8 MCAL/MCAL.o
 .text.write_port
                0x00000000        0x8 MCAL/MCAL.o
 .text.add_to_port
                0x00000000        0xc MCAL/MCAL.o
 .text.subtract_from_port
                0x00000000        0xe MCAL/MCAL.o
 .text.make_pointer
                0x00000000        0x4 MCAL/MCAL.o
 .text          0x00000000        0x0 MCAL/USART.o
 .data          0x00000000        0x0 MCAL/USART.o
 .bss           0x00000000        0x0 MCAL/USART.o
 .text          0x00000000        0x0 c:/program files (x86)/atmel/studio/7.0/toolchain/avr8/avr8-gnu-toolchain/bin/../lib/gcc/avr/4.9.2/avr5\libgcc.a(_exit.o)
 .data          0x00000000        0x0 c:/program files (x86)/atmel/studio/7.0/toolchain/avr8/avr8-gnu-toolchain/bin/../lib/gcc/avr/4.9.2/avr5\libgcc.a(_exit.o)
 .bss           0x00000000        0x0 c:/program files (x86)/atmel/studio/7.0/toolchain/avr8/avr8-gnu-toolchain/bin/../lib/gcc/avr/4.9.2/avr5\libgcc.a(_exit.o)
 .text.libgcc.mul
                0x00000000        0x0 c:/program files (x86)/atmel/studio/7.0/toolchain/avr8/avr8-gnu-toolchain/bin/../lib/gcc/avr/4.9.2/avr5\libgcc.a(_exit.o)
 .text.libgcc.div
                0x00000000        0x0 c:/program files (x86)/atmel/studio/7.0/toolchain/avr8/avr8-gnu-toolchain/bin/../lib/gcc/avr/4.9.2/avr5\libgcc.a(_exit.o)
 .text.libgcc   0x00000000        0x0 c:/program files (x86)/atmel/studio/7.0/toolchain/avr8/avr8-gnu-toolchain/bin/../lib/gcc/avr/4.9.2/avr5\libgcc.a(_exit.o)
 .text.libgcc.prologue
                0x00000000        0x0 c:/program files (x86)/atmel/studio/7.0/toolchain/avr8/avr8-gnu-toolchain/bin/../lib/gcc/avr/4.9.2/avr5\libgcc.a(_exit.o)
 .text.libgcc.builtins
                0x00000000        0x0 c:/program files (x86)/atmel/studio/7.0/toolchain/avr8/avr8-gnu-toolchain/bin/../lib/gcc/avr/4.9.2/avr5\libgcc.a(_exit.o)
 .text.libgcc.fmul
                0x00000000        0x0 c:/program files (x86)/atmel/studio/7.0/toolchain/avr8/avr8-gnu-toolchain/bin/../lib/gcc/avr/4.9.2/avr5\libgcc.a(_exit.o)
 .text.libgcc.fixed
                0x00000000        0x0 c:/program files (x86)/atmel/studio/7.0/toolchain/avr8/avr8-gnu-toolchain/bin/../lib/gcc/avr/4.9.2/avr5\libgcc.a(_exit.o)
 .text          0x00000000        0x0 c:/program files (x86)/atmel/studio/7.0/toolchain/avr8/avr8-gnu-toolchain/bin/../lib/gcc/avr/4.9.2/avr5\libgcc.a(_clear_bss.o)
 .data          0x00000000        0x0 c:/program files (x86)/atmel/studio/7.0/toolchain/avr8/avr8-gnu-toolchain/bin/../lib/gcc/avr/4.9.2/avr5\libgcc.a(_clear_bss.o)
 .bss           0x00000000        0x0 c:/program files (x86)/atmel/studio/7.0/toolchain/avr8/avr8-gnu-toolchain/bin/../lib/gcc/avr/4.9.2/avr5\libgcc.a(_clear_bss.o)
 .text.libgcc.mul
                0x00000000        0x0 c:/program files (x86)/atmel/studio/7.0/toolchain/avr8/avr8-gnu-toolchain/bin/../lib/gcc/avr/4.9.2/avr5\libgcc.a(_clear_bss.o)
 .text.libgcc.div
                0x00000000        0x0 c:/program files (x86)/atmel/studio/7.0/toolchain/avr8/avr8-gnu-toolchain/bin/../lib/gcc/avr/4.9.2/avr5\libgcc.a(_clear_bss.o)
 .text.libgcc   0x00000000        0x0 c:/program files (x86)/atmel/studio/7.0/toolchain/avr8/avr8-gnu-toolchain/bin/../lib/gcc/avr/4.9.2/avr5\libgcc.a(_clear_bss.o)
 .text.libgcc.prologue
                0x00000000        0x0 c:/program files (x86)/atmel/studio/7.0/toolchain/avr8/avr8-gnu-toolchain/bin/../lib/gcc/avr/4.9.2/avr5\libgcc.a(_clear_bss.o)
 .text.libgcc.builtins
                0x00000000        0x0 c:/program files (x86)/atmel/studio/7.0/toolchain/avr8/avr8-gnu-toolchain/bin/../lib/gcc/avr/4.9.2/avr5\libgcc.a(_clear_bss.o)
 .text.libgcc.fmul
                0x00000000        0x0 c:/program files (x86)/atmel/studio/7.0/toolchain/avr8/avr8-gnu-toolchain/bin/../lib/gcc/avr/4.9.2/avr5\libgcc.a(_clear_bss.o)
 .text.libgcc.fixed
                0x00000000        0x0 c:/program files (x86)/atmel/studio/7.0/toolchain/avr8/avr8-gnu-toolchain/bin/../lib/gcc/avr/4.9.2/avr5\libgcc.a(_clear_bss.o)

Memory Configuration

Name             Origin             Length             Attributes
text             0x00000000         0x00020000         xr
data             0x00800060         0x0000ffa0         rw !x
eeprom           0x00810000         0x00010000         rw !x
fuse             0x00820000         0x00000400         rw !x
lock             0x00830000         0x00000400         rw !x
signature        0x00840000         0x00000400         rw !x
user_signatures  0x00850000         0x00000400         rw !x
*default*        0x00000000         0xffffffff

Linker script and memory map

LOAD C:/Program Files (x86)/Atmel/Studio/7.0/Packs/atmel/ATmega_DFP/1.0.90/gcc/dev/atmega32/avr5/crtatmega32.o
LOAD ECUAL/ECUAL.o
LOAD ECUAL/functions.o
LOAD main.o
LOAD MCAL/I2C.o
LOAD MCAL/MCAL.o
LOAD MCAL/USART.o
START GROUP
LOAD c:/program files (x86)/atmel/studio/7.0/toolchain/avr8/avr8-gnu-toolchain/bin/../lib/gcc/avr/4.9.2/../../../../avr/lib/avr5\libm.a
END GROUP
START GROUP
LOAD c:/program files (x86)/atmel/studio/7.0/toolchain/avr8/avr8-gnu-toolchain/bin/../lib/gcc/avr/4.9.2/avr5\libgcc.a
LOAD c:/program files (x86)/atmel/studio/7.0/toolchain/avr8/avr8-gnu-toolchain/bin/../lib/gcc/avr/4.9.2/../../../../avr/lib/avr5\libm.a
LOAD c:/program files (x86)/atmel/studio/7.0/toolchain/avr8/avr8-gnu-toolchain/bin/../lib/gcc/avr/4.9.2/../../../../avr/lib/avr5\libc.a
LOAD C:/Program Files (x86)/Atmel/Studio/7.0/Packs/atmel/ATmega_DFP/1.0.90/gcc/dev/atmega32/avr5\libatmega32.a
END GROUP

.hash
 *(.hash)

.dynsym
 *(.dynsym)

.dynstr
 *(.dynstr)

.gnu.version
 *(.gnu.version)

.gnu.version_d
 *(.gnu.version_d)

.gnu.version_r
 *(.gnu.version_r)

.rel.init
 *(.rel.init)

.rela.init
 *(.rela.init)

.rel.text
 *(.rel.text)
 *(.rel.text.*)
 *(.rel.gnu.linkonce.t*)

.rela.text
 *(.rela.text)
 *(.rela.text.*)
 *(.rela.gnu.linkonce.t*)

.rel.fini
 *(.rel.fini)

.rela.fini
 *(.rela.fini)

.rel.rodata
 *(.rel.rodata)
 *(.rel.rodata.*)
 *(.rel.gnu.linkonce.r*)

.rela.rodata
 *(.rela.rodata)
 *(.rela.rodata.*)
 *(.rela.gnu.linkonce.r*)

.rel.data
 *(.rel.data)
 *(.rel.data.*)
 *(.rel.gnu.linkonce.d*)

.rela.data
 *(.rela.data)
 *(.rela.data.*)
 *(.rela.gnu.linkonce.d*)

.rel.ctors
 *(.rel.ctors)

.rela.ctors
 *(.rela.ctors)

.rel.dtors
 *(.rel.dtors)

.rela.dtors
 *(.rela.dtors)

.rel.got
 *(.rel.got)

.rela.got
 *(.rela.got)

.rel.bss
 *(.rel.bss)

.rela.bss
 *(.rela.bss)

.rel.plt
 *(.rel.plt)

.rela.plt
 *(.rela.plt)

.text           0x00000000      0x4c4
 *(.vectors)
 .vectors       0x00000000       0x54 C:/Program Files (x86)/Atmel/Studio/7.0/Packs/atmel/ATmega_DFP/1.0.90/gcc/dev/atmega32/avr5/crtatmega32.o
                0x00000000                __vector_default
                0x00000000                __vectors
 *(.vectors)
 *(.progmem.gcc*)
                0x00000054                . = ALIGN (0x2)
                0x00000054                __trampolines_start = .
 *(.trampolines)
 .trampolines   0x00000054        0x0 linker stubs
 *(.trampolines*)
                0x00000054                __trampolines_end = .
 *(.progmem*)
                0x00000054                . = ALIGN (0x2)
 *(.jumptables)
 *(.jumptables*)
 *(.lowtext)
 *(.lowtext*)
                0x00000054                __ctors_start = .
 *(.ctors)
                0x00000054                __ctors_end = .
                0x00000054                __dtors_start = .
 *(.dtors)
                0x00000054                __dtors_end = .
 SORT(*)(.ctors)
 SORT(*)(.dtors)
 *(.init0)
 .init0         0x00000054        0x0 C:/Program Files (x86)/Atmel/Studio/7.0/Packs/atmel/ATmega_DFP/1.0.90/gcc/dev/atmega32/avr5/crtatmega32.o
                0x00000054                __init
 *(.init0)
 *(.init1)
 *(.init1)
 *(.init2)
 .init2         0x00000054        0xc C:/Program Files (x86)/Atmel/Studio/7.0/Packs/atmel/ATmega_DFP/1.0.90/gcc/dev/atmega32/avr5/crtatmega32.o
 *(.init2)
 *(.init3)
 *(.init3)
 *(.init4)
 .init4         0x00000060       0x10 c:/program files (x86)/atmel/studio/7.0/toolchain/avr8/avr8-gnu-toolchain/bin/../lib/gcc/avr/4.9.2/avr5\libgcc.a(_clear_bss.o)
                0x00000060                __do_clear_bss
 *(.init4)
 *(.init5)
 *(.init5)
 *(.init6)
 *(.init6)
 *(.init7)
 *(.init7)
 *(.init8)
 *(.init8)
 *(.init9)
 .init9         0x00000070        0x8 C:/Program Files (x86)/Atmel/Studio/7.0/Packs/atmel/ATmega_DFP/1.0.90/gcc/dev/atmega32/avr5/crtatmega32.o
 *(.init9)
 *(.text)
 .text          0x00000078        0x4 C:/Program Files (x86)/Atmel/Studio/7.0/Packs/atmel/ATmega_DFP/1.0.90/gcc/dev/atmega32/avr5/crtatmega32.o
                0x00000078                __vector_1
                0x00000078                __vector_12
                0x00000078                __bad_interrupt
                0x00000078                __vector_6
                0x00000078                __vector_3
                0x00000078                __vector_11
                0x00000078                __vector_13
                0x00000078                __vector_17
                0x00000078                __vector_19
                0x00000078                __vector_7
                0x00000078                __vector_5
                0x00000078                __vector_4
                0x00000078                __vector_9
                0x00000078                __vector_2
                0x00000078                __vector_15
                0x00000078                __vector_8
                0x00000078                __vector_14
                0x00000078                __vector_10
                0x00000078                __vector_16
                0x00000078                __vector_18
                0x00000078                __vector_20
                0x0000007c                . = ALIGN (0x2)
 *(.text.*)
 .text.control_motor
                0x0000007c       0x1c ECUAL/ECUAL.o
                0x0000007c                control_motor
 .text.control_led
                0x00000098       0x1c ECUAL/ECUAL.o
                0x00000098                control_led
 .text.ctrl_recieve_data
                0x000000b4       0x2a ECUAL/functions.o
                0x000000b4                ctrl_recieve_data
 .text.ctrl_recieve_state
                0x000000de        0xa ECUAL/functions.o
                0x000000de                ctrl_recieve_state
 .text.ctrl_send_state
                0x000000e8       0x12 ECUAL/functions.o
                0x000000e8                ctrl_send_state
 .text.ctrl_check_firstrun
                0x000000fa       0x2c ECUAL/functions.o
                0x000000fa                ctrl_check_firstrun
 .text.ctrl_save_pw
                0x00000126       0x26 ECUAL/functions.o
                0x00000126                ctrl_save_pw
 .text.ctrl_check_pw
                0x0000014c       0x6a ECUAL/functions.o
                0x0000014c                ctrl_check_pw
 .text.main     0x000001b6       0xa8 main.o
                0x000001b6                main
 .text.i2c_read_ack
                0x0000025e        0xe MCAL/I2C.o
                0x0000025e                i2c_read_ack
 .text.i2c_read_nack
                0x0000026c        0xe MCAL/I2C.o
                0x0000026c                i2c_read_nack
 .text.i2c_check_status
                0x0000027a       0x16 MCAL/I2C.o
                0x0000027a                i2c_check_status
 .text.i2c_send_start
                0x00000290       0x10 MCAL/I2C.o
                0x00000290                i2c_send_start
 .text.i2c_send_addr
                0x000002a0       0x14 MCAL/I2C.o
                0x000002a0                i2c_send_addr
 .text.i2c_send_data
                0x000002b4       0x14 MCAL/I2C.o
                0x000002b4                i2c_send_data
 .text.send_data
                0x000002c8       0x3c MCAL/I2C.o
                0x000002c8                send_data
 .text.send_data_array
                0x00000304       0x68 MCAL/I2C.o
                0x00000304                send_data_array
 .text.i2c_receive_data
                0x0000036c       0x4e MCAL/I2C.o
                0x0000036c                i2c_receive_data
 .text.read_data
                0x000003ba       0x5c MCAL/I2C.o
                0x000003ba                read_data
 .text.set_direction_pin
                0x00000416       0x3a MCAL/MCAL.o
                0x00000416                set_direction_pin
 .text.write_pin
                0x00000450       0x3a MCAL/MCAL.o
                0x00000450                write_pin
 .text.usart_init
                0x0000048a       0x18 MCAL/USART.o
                0x0000048a                usart_init
 .text.usart_transmit
                0x000004a2        0xa MCAL/USART.o
                0x000004a2                usart_transmit
 .text.recieve  0x000004ac       0x14 MCAL/USART.o
                0x000004ac                recieve
                0x000004c0                . = ALIGN (0x2)
 *(.fini9)
 .fini9         0x000004c0        0x0 c:/program files (x86)/atmel/studio/7.0/toolchain/avr8/avr8-gnu-toolchain/bin/../lib/gcc/avr/4.9.2/avr5\libgcc.a(_exit.o)
                0x000004c0                _exit
                0x000004c0                exit
 *(.fini9)
 *(.fini8)
 *(.fini8)
 *(.fini7)
 *(.fini7)
 *(.fini6)
 *(.fini6)
 *(.fini5)
 *(.fini5)
 *(.fini4)
 *(.fini4)
 *(.fini3)
 *(.fini3)
 *(.fini2)
 *(.fini2)
 *(.fini1)
 *(.fini1)
 *(.fini0)
 .fini0         0x000004c0        0x4 c:/program files (x86)/atmel/studio/7.0/toolchain/avr8/avr8-gnu-toolchain/bin/../lib/gcc/avr/4.9.2/avr5\libgcc.a(_exit.o)
 *(.fini0)
                0x000004c4                _etext = .

.data           0x00800060        0x0 load address 0x000004c4
                0x00800060                PROVIDE (__data_start, .)
 *(.data)
 *(.data*)
 *(.rodata)
 *(.rodata*)
 *(.gnu.linkonce.d*)
                0x00800060                . = ALIGN (0x2)
                0x00800060                _edata = .
                0x00800060                PROVIDE (__data_end, .)

.bss            0x00800060        0x6
                0x00800060                PROVIDE (__bss_start, .)
 *(.bss)
 *(.bss*)
 .bss.pw        0x00800060        0x4 main.o
                0x00800060                pw
 .bss.state     0x00800064        0x1 main.o
                0x00800064                state
 .bss.pw_err_counter
                0x00800065        0x1 main.o
                0x00800065                pw_err_counter
 *(COMMON)
                0x00800066                PROVIDE (__bss_end, .)
                0x000004c4                __data_load_start = LOADADDR (.data)
                0x000004c4                __data_load_end = (__data_load_start + SIZEOF (.data))

.noinit         0x00800066        0x0
                0x00800066                PROVIDE (__noinit_start, .)
 *(.noinit*)
                0x00800066                PROVIDE (__noinit_end, .)
                0x00800066                _end = .
                0x00800066                PROVIDE (__heap_start, .)

.eeprom         0x00810000        0x0
 *(.eeprom*)
                0x00810000                __eeprom_end = .

.fuse
 *(.fuse)
 *(.lfuse)
 *(.hfuse)
 *(.efuse)

.lock
 *(.lock*)

.signature
 *(.signature*)

.user_signatures
 *(.user_signatures*)

.stab
 *(.stab)

.stabstr
 *(.stabstr)

.stab.excl
 *(.stab.excl)

.stab.exclstr
 *(.stab.exclstr)

.stab.index
 *(.stab.index)

.stab.indexstr
 *(.stab.indexstr)

.comment        0x00000000       0x30
 *(.comment)
 .comment       0x00000000       0x30 ECUAL/ECUAL.o
                                 0x31 (size before relaxing)
 .comment       0x00000030       0x31 ECUAL/functions.o
 .comment       0x00000030       0x31 main.o
 .comment       0x00000030       0x31 MCAL/I2C.o
 .comment       0x00000030       0x31 MCAL/MCAL.o
 .comment       0x00000030       0x31 MCAL/USART.o

.note.gnu.avr.deviceinfo
                0x00000000       0x3c
 .note.gnu.avr.deviceinfo
                0x00000000       0x3c C:/Program Files (x86)/Atmel/Studio/7.0/Packs/atmel/ATmega_DFP/1.0.90/gcc/dev/atmega32/avr5/crtatmega32.o

.note.gnu.build-id
 *(.note.gnu.build-id)

.debug
 *(.debug)

.line
 *(.line)

.debug_srcinfo
 *(.debug_srcinfo)

.debug_sfnames
 *(.debug_sfnames)

.debug_aranges  0x00000000      0x190
 *(.debug_aranges)
 .debug_aranges
                0x00000000       0x30 ECUAL/ECUAL.o
 .debug_aranges
                0x00000030       0x48 ECUAL/functions.o
 .debug_aranges
                0x00000078       0x20 main.o
 .debug_aranges
                0x00000098       0x70 MCAL/I2C.o
 .debug_aranges
                0x00000108       0x58 MCAL/MCAL.o
 .debug_aranges
                0x00000160       0x30 MCAL/USART.o

.debug_pubnames
 *(.debug_pubnames)

.debug_info     0x00000000     0x116a
 *(.debug_info .gnu.linkonce.wi.*)
 .debug_info    0x00000000      0x1be ECUAL/ECUAL.o
 .debug_info    0x000001be      0x3b2 ECUAL/functions.o
 .debug_info    0x00000570      0x2b4 main.o
 .debug_info    0x00000824      0x479 MCAL/I2C.o
 .debug_info    0x00000c9d      0x3f3 MCAL/MCAL.o
 .debug_info    0x00001090       0xda MCAL/USART.o

.debug_abbrev   0x00000000      0x6fd
 *(.debug_abbrev)
 .debug_abbrev  0x00000000       0xca ECUAL/ECUAL.o
 .debug_abbrev  0x000000ca      0x21a ECUAL/functions.o
 .debug_abbrev  0x000002e4      0x117 main.o
 .debug_abbrev  0x000003fb      0x14e MCAL/I2C.o
 .debug_abbrev  0x00000549      0x115 MCAL/MCAL.o
 .debug_abbrev  0x0000065e       0x9f MCAL/USART.o

.debug_line     0x00000000      0x5f5
 *(.debug_line .debug_line.* .debug_line_end)
 .debug_line    0x00000000       0x87 ECUAL/ECUAL.o
 .debug_line    0x00000087      0x1b9 ECUAL/functions.o
 .debug_line    0x00000240       0x6f main.o
 .debug_line    0x000002af      0x1a4 MCAL/I2C.o
 .debug_line    0x00000453       0xd2 MCAL/MCAL.o
 .debug_line    0x00000525       0xd0 MCAL/USART.o

.debug_frame    0x00000000      0x338
 *(.debug_frame)
 .debug_frame   0x00000000       0x60 ECUAL/ECUAL.o
 .debug_frame   0x00000060       0xbc ECUAL/functions.o
 .debug_frame   0x0000011c       0x24 main.o
 .debug_frame   0x00000140      0x120 MCAL/I2C.o
 .debug_frame   0x00000260       0x94 MCAL/MCAL.o
 .debug_frame   0x000002f4       0x44 MCAL/USART.o

.debug_str      0x00000000      0x42d
 *(.debug_str)
 .debug_str     0x00000000      0x14f ECUAL/ECUAL.o
                                0x154 (size before relaxing)
 .debug_str     0x0000014f      0x151 ECUAL/functions.o
                                0x280 (size before relaxing)
 .debug_str     0x000002a0       0x20 main.o
                                0x19d (size before relaxing)
 .debug_str     0x000002c0       0xb0 MCAL/I2C.o
                                0x22e (size before relaxing)
 .debug_str     0x00000370       0xa4 MCAL/MCAL.o
                                0x1b8 (size before relaxing)
 .debug_str     0x00000414       0x19 MCAL/USART.o
                                0x191 (size before relaxing)

.debug_loc      0x00000000      0x98d
 *(.debug_loc)
 .debug_loc     0x00000000      0x123 ECUAL/ECUAL.o
 .debug_loc     0x00000123      0x2c7 ECUAL/functions.o
 .debug_loc     0x000003ea      0x491 MCAL/I2C.o
 .debug_loc     0x0000087b      0x112 MCAL/MCAL.o

.debug_macinfo
 *(.debug_macinfo)

.debug_weaknames
 *(.debug_weaknames)

.debug_funcnames
 *(.debug_funcnames)

.debug_typenames
 *(.debug_typenames)

.debug_varnames
 *(.debug_varnames)

.debug_pubtypes
 *(.debug_pubtypes)

.debug_ranges   0x00000000      0x130
 *(.debug_ranges)
 .debug_ranges  0x00000000       0x20 ECUAL/ECUAL.o
 .debug_ranges  0x00000020       0x38 ECUAL/functions.o
 .debug_ranges  0x00000058       0x10 main.o
 .debug_ranges  0x00000068       0x60 MCAL/I2C.o
 .debug_ranges  0x000000c8       0x48 MCAL/MCAL.o
 .debug_ranges  0x00000110       0x20 MCAL/USART.o

.debug_macro
 *(.debug_macro)
OUTPUT(ctrl.elf elf32-avr)
LOAD linker stubs
