Archive member included to satisfy reference by file (symbol)

c:/program files (x86)/atmel/studio/7.0/toolchain/avr8/avr8-gnu-toolchain/bin/../lib/gcc/avr/4.9.2/avr5\libgcc.a(_exit.o)
                              C:/Program Files (x86)/Atmel/Studio/7.0/Packs/atmel/ATmega_DFP/1.0.90/gcc/dev/atmega32/avr5/crtatmega32.o (exit)
c:/program files (x86)/atmel/studio/7.0/toolchain/avr8/avr8-gnu-toolchain/bin/../lib/gcc/avr/4.9.2/avr5\libgcc.a(_tablejump2.o)
                              main.o (__tablejump2__)
c:/program files (x86)/atmel/studio/7.0/toolchain/avr8/avr8-gnu-toolchain/bin/../lib/gcc/avr/4.9.2/avr5\libgcc.a(_copy_data.o)
                              ECUAL/functions.o (__do_copy_data)
c:/program files (x86)/atmel/studio/7.0/toolchain/avr8/avr8-gnu-toolchain/bin/../lib/gcc/avr/4.9.2/avr5\libgcc.a(_clear_bss.o)
                              ECUAL/functions.o (__do_clear_bss)

Discarded input sections

 .data          0x00000000        0x0 C:/Program Files (x86)/Atmel/Studio/7.0/Packs/atmel/ATmega_DFP/1.0.90/gcc/dev/atmega32/avr5/crtatmega32.o
 .bss           0x00000000        0x0 C:/Program Files (x86)/Atmel/Studio/7.0/Packs/atmel/ATmega_DFP/1.0.90/gcc/dev/atmega32/avr5/crtatmega32.o
 .text          0x00000000        0x0 ECUAL/ECUAL.o
 .data          0x00000000        0x0 ECUAL/ECUAL.o
 .bss           0x00000000        0x0 ECUAL/ECUAL.o
 .text.read_button
                0x00000000       0x20 ECUAL/ECUAL.o
 .debug_info    0x00000000       0xda ECUAL/ECUAL.o
 .debug_abbrev  0x00000000       0x9d ECUAL/ECUAL.o
 .debug_loc     0x00000000       0x87 ECUAL/ECUAL.o
 .debug_aranges
                0x00000000       0x20 ECUAL/ECUAL.o
 .debug_ranges  0x00000000       0x10 ECUAL/ECUAL.o
 .debug_line    0x00000000       0x63 ECUAL/ECUAL.o
 .debug_str     0x00000000      0x127 ECUAL/ECUAL.o
 .comment       0x00000000       0x31 ECUAL/ECUAL.o
 .debug_frame   0x00000000       0x30 ECUAL/ECUAL.o
 .text          0x00000000        0x0 ECUAL/functions.o
 .data          0x00000000        0x0 ECUAL/functions.o
 .bss           0x00000000        0x0 ECUAL/functions.o
 .text.update_state
                0x00000000        0xa ECUAL/functions.o
 COMMON         0x00000000        0x0 ECUAL/functions.o
 .text          0x00000000        0x0 ECUAL/KEYPAD.o
 .data          0x00000000        0x0 ECUAL/KEYPAD.o
 .bss           0x00000000        0x0 ECUAL/KEYPAD.o
 .text          0x00000000        0x0 ECUAL/LCD.o
 .data          0x00000000        0x0 ECUAL/LCD.o
 .bss           0x00000000        0x0 ECUAL/LCD.o
 .text          0x00000000        0x0 main.o
 .data          0x00000000        0x0 main.o
 .bss           0x00000000        0x0 main.o
 .text          0x00000000        0x0 MCAL/MCAL.o
 .data          0x00000000        0x0 MCAL/MCAL.o
 .bss           0x00000000        0x0 MCAL/MCAL.o
 .text.read_pin
                0x00000000       0x16 MCAL/MCAL.o
 .text          0x00000000        0x0 MCAL/USART.o
 .data          0x00000000        0x0 MCAL/USART.o
 .bss           0x00000000        0x0 MCAL/USART.o
 .text          0x00000000        0x0 c:/program files (x86)/atmel/studio/7.0/toolchain/avr8/avr8-gnu-toolchain/bin/../lib/gcc/avr/4.9.2/avr5\libgcc.a(_exit.o)
 .data          0x00000000        0x0 c:/program files (x86)/atmel/studio/7.0/toolchain/avr8/avr8-gnu-toolchain/bin/../lib/gcc/avr/4.9.2/avr5\libgcc.a(_exit.o)
 .bss           0x00000000        0x0 c:/program files (x86)/atmel/studio/7.0/toolchain/avr8/avr8-gnu-toolchain/bin/../lib/gcc/avr/4.9.2/avr5\libgcc.a(_exit.o)
 .text.libgcc.mul
                0x00000000        0x0 c:/program files (x86)/atmel/studio/7.0/toolchain/avr8/avr8-gnu-toolchain/bin/../lib/gcc/avr/4.9.2/avr5\libgcc.a(_exit.o)
 .text.libgcc.div
                0x00000000        0x0 c:/program files (x86)/atmel/studio/7.0/toolchain/avr8/avr8-gnu-toolchain/bin/../lib/gcc/avr/4.9.2/avr5\libgcc.a(_exit.o)
 .text.libgcc   0x00000000        0x0 c:/program files (x86)/atmel/studio/7.0/toolchain/avr8/avr8-gnu-toolchain/bin/../lib/gcc/avr/4.9.2/avr5\libgcc.a(_exit.o)
 .text.libgcc.prologue
                0x00000000        0x0 c:/program files (x86)/atmel/studio/7.0/toolchain/avr8/avr8-gnu-toolchain/bin/../lib/gcc/avr/4.9.2/avr5\libgcc.a(_exit.o)
 .text.libgcc.builtins
                0x00000000        0x0 c:/program files (x86)/atmel/studio/7.0/toolchain/avr8/avr8-gnu-toolchain/bin/../lib/gcc/avr/4.9.2/avr5\libgcc.a(_exit.o)
 .text.libgcc.fmul
                0x00000000        0x0 c:/program files (x86)/atmel/studio/7.0/toolchain/avr8/avr8-gnu-toolchain/bin/../lib/gcc/avr/4.9.2/avr5\libgcc.a(_exit.o)
 .text.libgcc.fixed
                0x00000000        0x0 c:/program files (x86)/atmel/studio/7.0/toolchain/avr8/avr8-gnu-toolchain/bin/../lib/gcc/avr/4.9.2/avr5\libgcc.a(_exit.o)
 .text          0x00000000        0x0 c:/program files (x86)/atmel/studio/7.0/toolchain/avr8/avr8-gnu-toolchain/bin/../lib/gcc/avr/4.9.2/avr5\libgcc.a(_tablejump2.o)
 .data          0x00000000        0x0 c:/program files (x86)/atmel/studio/7.0/toolchain/avr8/avr8-gnu-toolchain/bin/../lib/gcc/avr/4.9.2/avr5\libgcc.a(_tablejump2.o)
 .bss           0x00000000        0x0 c:/program files (x86)/atmel/studio/7.0/toolchain/avr8/avr8-gnu-toolchain/bin/../lib/gcc/avr/4.9.2/avr5\libgcc.a(_tablejump2.o)
 .text.libgcc.mul
                0x00000000        0x0 c:/program files (x86)/atmel/studio/7.0/toolchain/avr8/avr8-gnu-toolchain/bin/../lib/gcc/avr/4.9.2/avr5\libgcc.a(_tablejump2.o)
 .text.libgcc.div
                0x00000000        0x0 c:/program files (x86)/atmel/studio/7.0/toolchain/avr8/avr8-gnu-toolchain/bin/../lib/gcc/avr/4.9.2/avr5\libgcc.a(_tablejump2.o)
 .text.libgcc.prologue
                0x00000000        0x0 c:/program files (x86)/atmel/studio/7.0/toolchain/avr8/avr8-gnu-toolchain/bin/../lib/gcc/avr/4.9.2/avr5\libgcc.a(_tablejump2.o)
 .text.libgcc.builtins
                0x00000000        0x0 c:/program files (x86)/atmel/studio/7.0/toolchain/avr8/avr8-gnu-toolchain/bin/../lib/gcc/avr/4.9.2/avr5\libgcc.a(_tablejump2.o)
 .text.libgcc.fmul
                0x00000000        0x0 c:/program files (x86)/atmel/studio/7.0/toolchain/avr8/avr8-gnu-toolchain/bin/../lib/gcc/avr/4.9.2/avr5\libgcc.a(_tablejump2.o)
 .text.libgcc.fixed
                0x00000000        0x0 c:/program files (x86)/atmel/studio/7.0/toolchain/avr8/avr8-gnu-toolchain/bin/../lib/gcc/avr/4.9.2/avr5\libgcc.a(_tablejump2.o)
 .text          0x00000000        0x0 c:/program files (x86)/atmel/studio/7.0/toolchain/avr8/avr8-gnu-toolchain/bin/../lib/gcc/avr/4.9.2/avr5\libgcc.a(_copy_data.o)
 .data          0x00000000        0x0 c:/program files (x86)/atmel/studio/7.0/toolchain/avr8/avr8-gnu-toolchain/bin/../lib/gcc/avr/4.9.2/avr5\libgcc.a(_copy_data.o)
 .bss           0x00000000        0x0 c:/program files (x86)/atmel/studio/7.0/toolchain/avr8/avr8-gnu-toolchain/bin/../lib/gcc/avr/4.9.2/avr5\libgcc.a(_copy_data.o)
 .text.libgcc.mul
                0x00000000        0x0 c:/program files (x86)/atmel/studio/7.0/toolchain/avr8/avr8-gnu-toolchain/bin/../lib/gcc/avr/4.9.2/avr5\libgcc.a(_copy_data.o)
 .text.libgcc.div
                0x00000000        0x0 c:/program files (x86)/atmel/studio/7.0/toolchain/avr8/avr8-gnu-toolchain/bin/../lib/gcc/avr/4.9.2/avr5\libgcc.a(_copy_data.o)
 .text.libgcc   0x00000000        0x0 c:/program files (x86)/atmel/studio/7.0/toolchain/avr8/avr8-gnu-toolchain/bin/../lib/gcc/avr/4.9.2/avr5\libgcc.a(_copy_data.o)
 .text.libgcc.prologue
                0x00000000        0x0 c:/program files (x86)/atmel/studio/7.0/toolchain/avr8/avr8-gnu-toolchain/bin/../lib/gcc/avr/4.9.2/avr5\libgcc.a(_copy_data.o)
 .text.libgcc.builtins
                0x00000000        0x0 c:/program files (x86)/atmel/studio/7.0/toolchain/avr8/avr8-gnu-toolchain/bin/../lib/gcc/avr/4.9.2/avr5\libgcc.a(_copy_data.o)
 .text.libgcc.fmul
                0x00000000        0x0 c:/program files (x86)/atmel/studio/7.0/toolchain/avr8/avr8-gnu-toolchain/bin/../lib/gcc/avr/4.9.2/avr5\libgcc.a(_copy_data.o)
 .text.libgcc.fixed
                0x00000000        0x0 c:/program files (x86)/atmel/studio/7.0/toolchain/avr8/avr8-gnu-toolchain/bin/../lib/gcc/avr/4.9.2/avr5\libgcc.a(_copy_data.o)
 .text          0x00000000        0x0 c:/program files (x86)/atmel/studio/7.0/toolchain/avr8/avr8-gnu-toolchain/bin/../lib/gcc/avr/4.9.2/avr5\libgcc.a(_clear_bss.o)
 .data          0x00000000        0x0 c:/program files (x86)/atmel/studio/7.0/toolchain/avr8/avr8-gnu-toolchain/bin/../lib/gcc/avr/4.9.2/avr5\libgcc.a(_clear_bss.o)
 .bss           0x00000000        0x0 c:/program files (x86)/atmel/studio/7.0/toolchain/avr8/avr8-gnu-toolchain/bin/../lib/gcc/avr/4.9.2/avr5\libgcc.a(_clear_bss.o)
 .text.libgcc.mul
                0x00000000        0x0 c:/program files (x86)/atmel/studio/7.0/toolchain/avr8/avr8-gnu-toolchain/bin/../lib/gcc/avr/4.9.2/avr5\libgcc.a(_clear_bss.o)
 .text.libgcc.div
                0x00000000        0x0 c:/program files (x86)/atmel/studio/7.0/toolchain/avr8/avr8-gnu-toolchain/bin/../lib/gcc/avr/4.9.2/avr5\libgcc.a(_clear_bss.o)
 .text.libgcc   0x00000000        0x0 c:/program files (x86)/atmel/studio/7.0/toolchain/avr8/avr8-gnu-toolchain/bin/../lib/gcc/avr/4.9.2/avr5\libgcc.a(_clear_bss.o)
 .text.libgcc.prologue
                0x00000000        0x0 c:/program files (x86)/atmel/studio/7.0/toolchain/avr8/avr8-gnu-toolchain/bin/../lib/gcc/avr/4.9.2/avr5\libgcc.a(_clear_bss.o)
 .text.libgcc.builtins
                0x00000000        0x0 c:/program files (x86)/atmel/studio/7.0/toolchain/avr8/avr8-gnu-toolchain/bin/../lib/gcc/avr/4.9.2/avr5\libgcc.a(_clear_bss.o)
 .text.libgcc.fmul
                0x00000000        0x0 c:/program files (x86)/atmel/studio/7.0/toolchain/avr8/avr8-gnu-toolchain/bin/../lib/gcc/avr/4.9.2/avr5\libgcc.a(_clear_bss.o)
 .text.libgcc.fixed
                0x00000000        0x0 c:/program files (x86)/atmel/studio/7.0/toolchain/avr8/avr8-gnu-toolchain/bin/../lib/gcc/avr/4.9.2/avr5\libgcc.a(_clear_bss.o)

Memory Configuration

Name             Origin             Length             Attributes
text             0x00000000         0x00020000         xr
data             0x00800060         0x0000ffa0         rw !x
eeprom           0x00810000         0x00010000         rw !x
fuse             0x00820000         0x00000400         rw !x
lock             0x00830000         0x00000400         rw !x
signature        0x00840000         0x00000400         rw !x
user_signatures  0x00850000         0x00000400         rw !x
*default*        0x00000000         0xffffffff

Linker script and memory map

LOAD C:/Program Files (x86)/Atmel/Studio/7.0/Packs/atmel/ATmega_DFP/1.0.90/gcc/dev/atmega32/avr5/crtatmega32.o
LOAD ECUAL/ECUAL.o
LOAD ECUAL/functions.o
LOAD ECUAL/KEYPAD.o
LOAD ECUAL/LCD.o
LOAD main.o
LOAD MCAL/MCAL.o
LOAD MCAL/USART.o
START GROUP
LOAD c:/program files (x86)/atmel/studio/7.0/toolchain/avr8/avr8-gnu-toolchain/bin/../lib/gcc/avr/4.9.2/../../../../avr/lib/avr5\libm.a
END GROUP
START GROUP
LOAD c:/program files (x86)/atmel/studio/7.0/toolchain/avr8/avr8-gnu-toolchain/bin/../lib/gcc/avr/4.9.2/avr5\libgcc.a
LOAD c:/program files (x86)/atmel/studio/7.0/toolchain/avr8/avr8-gnu-toolchain/bin/../lib/gcc/avr/4.9.2/../../../../avr/lib/avr5\libm.a
LOAD c:/program files (x86)/atmel/studio/7.0/toolchain/avr8/avr8-gnu-toolchain/bin/../lib/gcc/avr/4.9.2/../../../../avr/lib/avr5\libc.a
LOAD C:/Program Files (x86)/Atmel/Studio/7.0/Packs/atmel/ATmega_DFP/1.0.90/gcc/dev/atmega32/avr5\libatmega32.a
END GROUP

.hash
 *(.hash)

.dynsym
 *(.dynsym)

.dynstr
 *(.dynstr)

.gnu.version
 *(.gnu.version)

.gnu.version_d
 *(.gnu.version_d)

.gnu.version_r
 *(.gnu.version_r)

.rel.init
 *(.rel.init)

.rela.init
 *(.rela.init)

.rel.text
 *(.rel.text)
 *(.rel.text.*)
 *(.rel.gnu.linkonce.t*)

.rela.text
 *(.rela.text)
 *(.rela.text.*)
 *(.rela.gnu.linkonce.t*)

.rel.fini
 *(.rel.fini)

.rela.fini
 *(.rela.fini)

.rel.rodata
 *(.rel.rodata)
 *(.rel.rodata.*)
 *(.rel.gnu.linkonce.r*)

.rela.rodata
 *(.rela.rodata)
 *(.rela.rodata.*)
 *(.rela.gnu.linkonce.r*)

.rel.data
 *(.rel.data)
 *(.rel.data.*)
 *(.rel.gnu.linkonce.d*)

.rela.data
 *(.rela.data)
 *(.rela.data.*)
 *(.rela.gnu.linkonce.d*)

.rel.ctors
 *(.rel.ctors)

.rela.ctors
 *(.rela.ctors)

.rel.dtors
 *(.rel.dtors)

.rela.dtors
 *(.rela.dtors)

.rel.got
 *(.rel.got)

.rela.got
 *(.rela.got)

.rel.bss
 *(.rel.bss)

.rela.bss
 *(.rela.bss)

.rel.plt
 *(.rel.plt)

.rela.plt
 *(.rela.plt)

.text           0x00000000      0x740
 *(.vectors)
 .vectors       0x00000000       0x54 C:/Program Files (x86)/Atmel/Studio/7.0/Packs/atmel/ATmega_DFP/1.0.90/gcc/dev/atmega32/avr5/crtatmega32.o
                0x00000000                __vector_default
                0x00000000                __vectors
 *(.vectors)
 *(.progmem.gcc*)
 .progmem.gcc_sw_table.main
                0x00000054       0x28 main.o
                0x0000007c                . = ALIGN (0x2)
                0x0000007c                __trampolines_start = .
 *(.trampolines)
 .trampolines   0x0000007c        0x0 linker stubs
 *(.trampolines*)
                0x0000007c                __trampolines_end = .
 *(.progmem*)
                0x0000007c                . = ALIGN (0x2)
 *(.jumptables)
 *(.jumptables*)
 *(.lowtext)
 *(.lowtext*)
                0x0000007c                __ctors_start = .
 *(.ctors)
                0x0000007c                __ctors_end = .
                0x0000007c                __dtors_start = .
 *(.dtors)
                0x0000007c                __dtors_end = .
 SORT(*)(.ctors)
 SORT(*)(.dtors)
 *(.init0)
 .init0         0x0000007c        0x0 C:/Program Files (x86)/Atmel/Studio/7.0/Packs/atmel/ATmega_DFP/1.0.90/gcc/dev/atmega32/avr5/crtatmega32.o
                0x0000007c                __init
 *(.init0)
 *(.init1)
 *(.init1)
 *(.init2)
 .init2         0x0000007c        0xc C:/Program Files (x86)/Atmel/Studio/7.0/Packs/atmel/ATmega_DFP/1.0.90/gcc/dev/atmega32/avr5/crtatmega32.o
 *(.init2)
 *(.init3)
 *(.init3)
 *(.init4)
 .init4         0x00000088       0x16 c:/program files (x86)/atmel/studio/7.0/toolchain/avr8/avr8-gnu-toolchain/bin/../lib/gcc/avr/4.9.2/avr5\libgcc.a(_copy_data.o)
                0x00000088                __do_copy_data
 .init4         0x0000009e       0x10 c:/program files (x86)/atmel/studio/7.0/toolchain/avr8/avr8-gnu-toolchain/bin/../lib/gcc/avr/4.9.2/avr5\libgcc.a(_clear_bss.o)
                0x0000009e                __do_clear_bss
 *(.init4)
 *(.init5)
 *(.init5)
 *(.init6)
 *(.init6)
 *(.init7)
 *(.init7)
 *(.init8)
 *(.init8)
 *(.init9)
 .init9         0x000000ae        0x8 C:/Program Files (x86)/Atmel/Studio/7.0/Packs/atmel/ATmega_DFP/1.0.90/gcc/dev/atmega32/avr5/crtatmega32.o
 *(.init9)
 *(.text)
 .text          0x000000b6        0x4 C:/Program Files (x86)/Atmel/Studio/7.0/Packs/atmel/ATmega_DFP/1.0.90/gcc/dev/atmega32/avr5/crtatmega32.o
                0x000000b6                __vector_1
                0x000000b6                __vector_12
                0x000000b6                __bad_interrupt
                0x000000b6                __vector_6
                0x000000b6                __vector_3
                0x000000b6                __vector_11
                0x000000b6                __vector_13
                0x000000b6                __vector_17
                0x000000b6                __vector_19
                0x000000b6                __vector_7
                0x000000b6                __vector_5
                0x000000b6                __vector_4
                0x000000b6                __vector_9
                0x000000b6                __vector_2
                0x000000b6                __vector_15
                0x000000b6                __vector_8
                0x000000b6                __vector_14
                0x000000b6                __vector_10
                0x000000b6                __vector_16
                0x000000b6                __vector_18
                0x000000b6                __vector_20
                0x000000ba                . = ALIGN (0x2)
 *(.text.*)
 .text.hmi_check_firstrun
                0x000000ba       0x1a ECUAL/functions.o
                0x000000ba                hmi_check_firstrun
 .text.hmi_uart_send_pw
                0x000000d4       0x32 ECUAL/functions.o
                0x000000d4                hmi_uart_send_pw
 .text.hmi_uart_save_pw
                0x00000106       0x32 ECUAL/functions.o
                0x00000106                hmi_uart_save_pw
 .text.hmi_uart_check_pw
                0x00000138        0xa ECUAL/functions.o
                0x00000138                hmi_uart_check_pw
 .text.hmi_uart_send
                0x00000142       0x14 ECUAL/functions.o
                0x00000142                hmi_uart_send
 .text.hmi_lcd_put
                0x00000156       0x20 ECUAL/functions.o
                0x00000156                hmi_lcd_put
 .text.hmi_lcd_notify
                0x00000176       0x18 ECUAL/functions.o
                0x00000176                hmi_lcd_notify
 .text.hmi_lcd_menu
                0x0000018e       0x30 ECUAL/functions.o
                0x0000018e                hmi_lcd_menu
 .text.hmi_keypad_get_pw
                0x000001be       0x42 ECUAL/functions.o
                0x000001be                hmi_keypad_get_pw
 .text.hmi_keypad_get_order
                0x00000200       0x18 ECUAL/functions.o
                0x00000200                hmi_keypad_get_order
 .text.init_keypad
                0x00000218       0x12 ECUAL/KEYPAD.o
                0x00000218                init_keypad
 .text.getRowIndex
                0x0000022a       0x18 ECUAL/KEYPAD.o
                0x0000022a                getRowIndex
 .text.getKey   0x00000242       0xaa ECUAL/KEYPAD.o
                0x00000242                getKey
 .text.set_control_reg
                0x000002ec       0x1c ECUAL/LCD.o
                0x000002ec                set_control_reg
 .text.set_lcd_dir
                0x00000308       0x1c ECUAL/LCD.o
                0x00000308                set_lcd_dir
 .text.set_lcd_enable
                0x00000324       0x1c ECUAL/LCD.o
                0x00000324                set_lcd_enable
 .text.lcd_send
                0x00000340        0xa ECUAL/LCD.o
                0x00000340                lcd_send
 .text.lcd_save
                0x0000034a       0x2c ECUAL/LCD.o
                0x0000034a                lcd_save
 .text.lcd_send_cmd
                0x00000376       0x2e ECUAL/LCD.o
                0x00000376                lcd_send_cmd
 .text.init_lcd
                0x000003a4       0x24 ECUAL/LCD.o
                0x000003a4                init_lcd
 .text.lcd_set_pos_xy
                0x000003c8       0x30 ECUAL/LCD.o
                0x000003c8                lcd_set_pos_xy
 .text.lcd_send_char
                0x000003f8       0x2e ECUAL/LCD.o
                0x000003f8                lcd_send_char
 .text.lcd_send_string
                0x00000426       0x34 ECUAL/LCD.o
                0x00000426                lcd_send_string
 .text.enter_pw
                0x0000045a       0x12 main.o
                0x0000045a                enter_pw
 .text.check_pw
                0x0000046c        0xa main.o
                0x0000046c                check_pw
 .text.enter_new_pw
                0x00000476        0xa main.o
                0x00000476                enter_new_pw
 .text.enter_confirm_pw
                0x00000480       0x3a main.o
                0x00000480                enter_confirm_pw
 .text.main     0x000004ba      0x19e main.o
                0x000004ba                main
 .text.set_direction_pin
                0x00000658       0x3a MCAL/MCAL.o
                0x00000658                set_direction_pin
 .text.write_pin
                0x00000692       0x3a MCAL/MCAL.o
                0x00000692                write_pin
 .text.set_direction_port
                0x000006cc        0x8 MCAL/MCAL.o
                0x000006cc                set_direction_port
 .text.write_port
                0x000006d4        0x8 MCAL/MCAL.o
                0x000006d4                write_port
 .text.add_to_port
                0x000006dc        0xc MCAL/MCAL.o
                0x000006dc                add_to_port
 .text.subtract_from_port
                0x000006e8        0xe MCAL/MCAL.o
                0x000006e8                subtract_from_port
 .text.make_pointer
                0x000006f6        0x4 MCAL/MCAL.o
                0x000006f6                make_pointer
 .text.usart_init
                0x000006fa       0x18 MCAL/USART.o
                0x000006fa                usart_init
 .text.usart_transmit
                0x00000712        0xa MCAL/USART.o
                0x00000712                usart_transmit
 .text.usart_recieve
                0x0000071c       0x14 MCAL/USART.o
                0x0000071c                usart_recieve
 .text.libgcc   0x00000730        0xc c:/program files (x86)/atmel/studio/7.0/toolchain/avr8/avr8-gnu-toolchain/bin/../lib/gcc/avr/4.9.2/avr5\libgcc.a(_tablejump2.o)
                0x00000730                __tablejump2__
                0x0000073c                . = ALIGN (0x2)
 *(.fini9)
 .fini9         0x0000073c        0x0 c:/program files (x86)/atmel/studio/7.0/toolchain/avr8/avr8-gnu-toolchain/bin/../lib/gcc/avr/4.9.2/avr5\libgcc.a(_exit.o)
                0x0000073c                _exit
                0x0000073c                exit
 *(.fini9)
 *(.fini8)
 *(.fini8)
 *(.fini7)
 *(.fini7)
 *(.fini6)
 *(.fini6)
 *(.fini5)
 *(.fini5)
 *(.fini4)
 *(.fini4)
 *(.fini3)
 *(.fini3)
 *(.fini2)
 *(.fini2)
 *(.fini1)
 *(.fini1)
 *(.fini0)
 .fini0         0x0000073c        0x4 c:/program files (x86)/atmel/studio/7.0/toolchain/avr8/avr8-gnu-toolchain/bin/../lib/gcc/avr/4.9.2/avr5\libgcc.a(_exit.o)
 *(.fini0)
                0x00000740                _etext = .

.data           0x00800060       0xbc load address 0x00000740
                0x00800060                PROVIDE (__data_start, .)
 *(.data)
 *(.data*)
 .data.keymap   0x00800060       0x10 ECUAL/KEYPAD.o
                0x00800060                keymap
 *(.rodata)
 *(.rodata*)
 .rodata.str1.1
                0x00800070       0x26 ECUAL/functions.o
 .rodata.str1.1
                0x00800096       0x86 main.o
 *(.gnu.linkonce.d*)
                0x0080011c                . = ALIGN (0x2)
                0x0080011c                _edata = .
                0x0080011c                PROVIDE (__data_end, .)

.bss            0x0080011c        0xa
                0x0080011c                PROVIDE (__bss_start, .)
 *(.bss)
 *(.bss*)
 .bss.check_result
                0x0080011c        0x1 main.o
                0x0080011c                check_result
 .bss.order     0x0080011d        0x1 main.o
                0x0080011d                order
 .bss.confirm_pw
                0x0080011e        0x4 main.o
                0x0080011e                confirm_pw
 .bss.pw        0x00800122        0x4 main.o
                0x00800122                pw
 *(COMMON)
                0x00800126                PROVIDE (__bss_end, .)
                0x00000740                __data_load_start = LOADADDR (.data)
                0x000007fc                __data_load_end = (__data_load_start + SIZEOF (.data))

.noinit         0x00800126        0x0
                0x00800126                PROVIDE (__noinit_start, .)
 *(.noinit*)
                0x00800126                PROVIDE (__noinit_end, .)
                0x00800126                _end = .
                0x00800126                PROVIDE (__heap_start, .)

.eeprom         0x00810000        0x0
 *(.eeprom*)
                0x00810000                __eeprom_end = .

.fuse
 *(.fuse)
 *(.lfuse)
 *(.hfuse)
 *(.efuse)

.lock
 *(.lock*)

.signature
 *(.signature*)

.user_signatures
 *(.user_signatures*)

.stab
 *(.stab)

.stabstr
 *(.stabstr)

.stab.excl
 *(.stab.excl)

.stab.exclstr
 *(.stab.exclstr)

.stab.index
 *(.stab.index)

.stab.indexstr
 *(.stab.indexstr)

.comment        0x00000000       0x30
 *(.comment)
 .comment       0x00000000       0x30 ECUAL/functions.o
                                 0x31 (size before relaxing)
 .comment       0x00000030       0x31 ECUAL/KEYPAD.o
 .comment       0x00000030       0x31 ECUAL/LCD.o
 .comment       0x00000030       0x31 main.o
 .comment       0x00000030       0x31 MCAL/MCAL.o
 .comment       0x00000030       0x31 MCAL/USART.o

.note.gnu.avr.deviceinfo
                0x00000000       0x3c
 .note.gnu.avr.deviceinfo
                0x00000000       0x3c C:/Program Files (x86)/Atmel/Studio/7.0/Packs/atmel/ATmega_DFP/1.0.90/gcc/dev/atmega32/avr5/crtatmega32.o

.note.gnu.build-id
 *(.note.gnu.build-id)

.debug
 *(.debug)

.line
 *(.line)

.debug_srcinfo
 *(.debug_srcinfo)

.debug_sfnames
 *(.debug_sfnames)

.debug_aranges  0x00000000      0x1d0
 *(.debug_aranges)
 .debug_aranges
                0x00000000       0x70 ECUAL/functions.o
 .debug_aranges
                0x00000070       0x30 ECUAL/KEYPAD.o
 .debug_aranges
                0x000000a0       0x68 ECUAL/LCD.o
 .debug_aranges
                0x00000108       0x40 main.o
 .debug_aranges
                0x00000148       0x58 MCAL/MCAL.o
 .debug_aranges
                0x000001a0       0x30 MCAL/USART.o

.debug_pubnames
 *(.debug_pubnames)

.debug_info     0x00000000     0x178e
 *(.debug_info .gnu.linkonce.wi.*)
 .debug_info    0x00000000      0x57f ECUAL/functions.o
 .debug_info    0x0000057f      0x2e1 ECUAL/KEYPAD.o
 .debug_info    0x00000860      0x61a ECUAL/LCD.o
 .debug_info    0x00000e7a      0x447 main.o
 .debug_info    0x000012c1      0x3f3 MCAL/MCAL.o
 .debug_info    0x000016b4       0xda MCAL/USART.o

.debug_abbrev   0x00000000      0x872
 *(.debug_abbrev)
 .debug_abbrev  0x00000000      0x217 ECUAL/functions.o
 .debug_abbrev  0x00000217      0x1c7 ECUAL/KEYPAD.o
 .debug_abbrev  0x000003de      0x186 ECUAL/LCD.o
 .debug_abbrev  0x00000564      0x15a main.o
 .debug_abbrev  0x000006be      0x115 MCAL/MCAL.o
 .debug_abbrev  0x000007d3       0x9f MCAL/USART.o

.debug_line     0x00000000      0x85e
 *(.debug_line .debug_line.* .debug_line_end)
 .debug_line    0x00000000      0x24c ECUAL/functions.o
 .debug_line    0x0000024c      0x175 ECUAL/KEYPAD.o
 .debug_line    0x000003c1      0x1ee ECUAL/LCD.o
 .debug_line    0x000005af      0x10d main.o
 .debug_line    0x000006bc       0xd2 MCAL/MCAL.o
 .debug_line    0x0000078e       0xd0 MCAL/USART.o

.debug_frame    0x00000000      0x3ec
 *(.debug_frame)
 .debug_frame   0x00000000      0x120 ECUAL/functions.o
 .debug_frame   0x00000120       0x68 ECUAL/KEYPAD.o
 .debug_frame   0x00000188       0xec ECUAL/LCD.o
 .debug_frame   0x00000274       0xa0 main.o
 .debug_frame   0x00000314       0x94 MCAL/MCAL.o
 .debug_frame   0x000003a8       0x44 MCAL/USART.o

.debug_str      0x00000000      0x49c
 *(.debug_str)
 .debug_str     0x00000000      0x2b8 ECUAL/functions.o
                                0x2fe (size before relaxing)
 .debug_str     0x000002b8       0x7f ECUAL/KEYPAD.o
                                0x233 (size before relaxing)
 .debug_str     0x00000337       0x90 ECUAL/LCD.o
                                0x265 (size before relaxing)
 .debug_str     0x000003c7       0x50 main.o
                                0x26a (size before relaxing)
 .debug_str     0x00000417       0x5f MCAL/MCAL.o
                                0x1b5 (size before relaxing)
 .debug_str     0x00000476       0x26 MCAL/USART.o
                                0x194 (size before relaxing)

.debug_loc      0x00000000      0xcce
 *(.debug_loc)
 .debug_loc     0x00000000      0x3eb ECUAL/functions.o
 .debug_loc     0x000003eb      0x16e ECUAL/KEYPAD.o
 .debug_loc     0x00000559      0x39f ECUAL/LCD.o
 .debug_loc     0x000008f8      0x2c4 main.o
 .debug_loc     0x00000bbc      0x112 MCAL/MCAL.o

.debug_macinfo
 *(.debug_macinfo)

.debug_weaknames
 *(.debug_weaknames)

.debug_funcnames
 *(.debug_funcnames)

.debug_typenames
 *(.debug_typenames)

.debug_varnames
 *(.debug_varnames)

.debug_pubtypes
 *(.debug_pubtypes)

.debug_ranges   0x00000000      0x170
 *(.debug_ranges)
 .debug_ranges  0x00000000       0x60 ECUAL/functions.o
 .debug_ranges  0x00000060       0x20 ECUAL/KEYPAD.o
 .debug_ranges  0x00000080       0x58 ECUAL/LCD.o
 .debug_ranges  0x000000d8       0x30 main.o
 .debug_ranges  0x00000108       0x48 MCAL/MCAL.o
 .debug_ranges  0x00000150       0x20 MCAL/USART.o

.debug_macro
 *(.debug_macro)
OUTPUT(hmi.elf elf32-avr)
LOAD linker stubs
